
VERDICT: WEAK
  criterion a: met | mean=0.010163, t=3.0992, threshold_t=3
  criterion b: met | slope=0.01559, t=4.7941, threshold_t=2
  criterion c: met | first_half_mean=0.011055, second_half_mean=0.0092637
  criterion d: NOT met | threshold_t=2, mean=0.0022256, se=0.002255, t=0.98696, gross_mean=0.0061496, gross_t=2.7402, mean_cost=0.003924, mean_one_way_turnover=0.78481, mean_names_top_fifth=66.981
  criterion e1: met | mean=0.010446, t=3.2034
  criterion e2: met | mean=0.0078504, t=2.4097
  primary: {'n': 267, 'mean': 0.010163, 'se': 0.003279, 't': 3.099224, 'months_valid': 267, 'months_seen': 269, 'mean_universe': 336.932584, 'mean_leg_top': 65.775281, 'mean_leg_bottom': 66.460674, 'share_positive': 0.573034}
  sample: {'first_outcome_month': 200209, 'last_outcome_month': 202411, 'months_valid': 267, 'months_seen': 269, 'eligible_issuer_months': 90665, 'with_outcome': 88801}
  secondary (no weight in the verdict):
    fifth_means: {'q1': 0.009166204190437927, 'q2': 0.01177670755777091, 'q3': 0.011371076596310349, 'q4': 0.014513408684100199, 'q5': 0.019329093617880544}
    universe_mean: 0.013179453482894524
    tails: {'top_minus_middle': {'n': 267, 'mean': 0.006776445239393398, 'se': 0.0030732469544323036, 't': 2.2049790790877584}, 'middle_minus_bottom': {'n': 267, 'mean': 0.003386444188049223, 'se': 0.0032834249916647313, 't': 1.0313755291033038}}
    fama_macbeth_no_controls: {'n': 267, 'mean': 0.012081222538470798, 'se': 0.0037102844303350552, 't': 3.256144580101588, 'months': 267}
    bond_value_weighted: {'n': 267, 'mean': 0.005788902284776162, 'se': 0.00504836003470846, 't': 1.1466896665404864, 'months_valid': 267, 'months_seen': 269, 'mean_universe': 336.9325842696629, 'mean_leg_top': 65.7752808988764, 'mean_leg_bottom': 66.46067415730337, 'share_positive': 0.5430711610486891}
    investment_grade: {'n': 267, 'mean': 0.00045553096973478314, 'se': 0.0012345810115195353, 't': 0.3689761672051888, 'months_valid': 267, 'months_seen': 269, 'mean_universe': 417.46067415730334, 'mean_leg_top': 82.55805243445693, 'mean_leg_bottom': 83.51310861423221, 'share_positive': 0.5393258426966292}
    all_issuers: {'n': 267, 'mean': 0.007140220807273647, 'se': 0.002102514317126721, 't': 3.3960390895370525, 'months_valid': 267, 'months_seen': 269, 'mean_universe': 754.3932584269663, 'mean_leg_top': 148.73408239700373, 'mean_leg_bottom': 149.64794007490636, 'share_positive': 0.5842696629213483}
    spread_change_signal: {'n': 266, 'mean': 0.007539412562322065, 'se': 0.0038604211970547893, 't': 1.953002581188309, 'months_valid': 266, 'months_seen': 268, 'mean_universe': 311.2706766917293, 'mean_leg_top': 60.6578947368421, 'mean_leg_bottom': 61.454887218045116, 'share_positive': 0.5413533834586466}
    three_month_formation: {'n': 265, 'mean': 0.011954332397925907, 'se': 0.005017140398844738, 't': 2.3826983994066713, 'months_valid': 265, 'months_seen': 267, 'mean_universe': 304.31320754716984, 'mean_leg_top': 59.320754716981135, 'mean_leg_bottom': 59.924528301886795, 'share_positive': 0.6339622641509434}
    adversarial_all_missing_top: {'n': 267, 'mean': 0.003936254696919489, 'se': 0.003175075139668837, 't': 1.2397359192356134}
    adversarial_all_missing_top_at_minus_100: {'n': 267, 'mean': -0.009393929828264815, 'se': 0.0033301505793865128, 't': -2.820872391300511}
    long_only_under_e2: {'n': 267, 'mean': 0.0003626692320260056, 'se': 0.002220315404388693, 't': 0.1633413123690223, 'gross_mean': 0.004286717315570916, 'gross_t': 1.940078584849374, 'mean_cost': 0.003924048083544909, 'mean_one_way_turnover': 0.7848096167089817, 'mean_names_top_fifth': 66.9812734082397}
    by_outcome_year: {'2002': {'months': 4, 'mean_ls': -0.017856521270906197}, '2003': {'months': 12, 'mean_ls': 0.03239187095117696}, '2004': {'months': 12, 'mean_ls': 0.0008859564279804968}, '2005': {'months': 12, 'mean_ls': 0.01630165567097999}, '2006': {'months': 12, 'mean_ls': 0.005712386580353303}, '2007': {'months': 12, 'mean_ls': 0.020004433843511662}, '2008': {'months': 12, 'mean_ls': 0.03194967774413695}, '2009': {'months': 12, 'mean_ls': 0.009652445156871754}, '2010': {'months': 12, 'mean_ls': 0.0012114164565059776}, '2011': {'months': 12, 'mean_ls': 0.006481001059460111}, '2012': {'months': 12, 'mean_ls': 0.0014538299944871023}, '2013': {'months': 12, 'mean_ls': 0.0016489777275739712}, '2014': {'months': 12, 'mean_ls': 0.03393981834973806}, '2015': {'months': 12, 'mean_ls': 0.0006345785515742142}, '2016': {'months': 12, 'mean_ls': 0.040115958684788657}, '2017': {'months': 12, 'mean_ls': 0.012770147577162294}, '2018': {'months': 12, 'mean_ls': 0.012346860079134625}, '2019': {'months': 12, 'mean_ls': 0.01700095613246539}, '2020': {'months': 12, 'mean_ls': -0.03518261486801614}, '2021': {'months': 12, 'mean_ls': 0.004229727098635237}, '2022': {'months': 12, 'mean_ls': 0.012558797181749048}, '2023': {'months': 12, 'mean_ls': 0.006878547972953287}, '2024': {'months': 11, 'mean_ls': -0.0009926889334428203}}
    attrition_by_fifth: {'q1': {'members': 18239, 'share_with_outcome': 0.9729151817533856, 'final_month_lost': 148, 't_is_final_month': 153, 'other_missing': 193}, 'q2': {'members': 18136, 'share_with_outcome': 0.9831826202029114, 'final_month_lost': 77, 't_is_final_month': 65, 'other_missing': 163}, 'q3': {'members': 18130, 'share_with_outcome': 0.9835631549917264, 'final_month_lost': 75, 't_is_final_month': 67, 'other_missing': 156}, 'q4': {'members': 18136, 'share_with_outcome': 0.9831826202029114, 'final_month_lost': 71, 't_is_final_month': 78, 'other_missing': 156}, 'q5': {'members': 18024, 'share_with_outcome': 0.9743675099866844, 'final_month_lost': 128, 't_is_final_month': 129, 'other_missing': 205}}
